bcm_vars_a_y='2';
bcm_vars_a_x='1';
declare -A bcm_vars_a=(
[y]='2'
[x]='1'
);
bcm_vars_b_y_0_q='2';
bcm_vars_b_y_0_p='1'"'"'';
declare -A bcm_vars_b_y_0=(
[q]='2'
[p]='1'"'"''
);
bcm_vars_b_y_1_r=;
declare -A bcm_vars_b_y_1=(
[r]=
);
bcm_vars_b_x_0='1';
bcm_vars_b_x_1='2';
bcm_vars_b_x_2='3';
declare -a bcm_vars_b_x=(
[0]='1'
[1]='2'
[2]='3'
);
